================================================================================
load tweets
================================================================================
2024-05-06 18:01:12.524376 data/geoTwitter21-01-01.zip
2024-05-06 18:01:12.533312 data/geoTwitter21-01-01.zip - i= 0 id= 1344795471093633031
2024-05-06 18:01:17.450261 data/geoTwitter21-01-01.zip - i= 1000 id= 1344795553989865473
2024-05-06 18:01:22.519295 data/geoTwitter21-01-01.zip - i= 2000 id= 1344795640279265286
2024-05-06 18:01:27.509777 data/geoTwitter21-01-01.zip - i= 3000 id= 1344795728426754049
2024-05-06 18:01:32.557763 data/geoTwitter21-01-01.zip - i= 4000 id= 1344795817517981699
2024-05-06 18:01:37.392777 data/geoTwitter21-01-01.zip - i= 5000 id= 1344795904700796930
2024-05-06 18:01:42.134520 data/geoTwitter21-01-01.zip - i= 6000 id= 1344795992403681281
2024-05-06 18:01:47.047127 data/geoTwitter21-01-01.zip - i= 7000 id= 1344796079125094401
2024-05-06 18:01:52.049145 data/geoTwitter21-01-01.zip - i= 8000 id= 1344796167029346307
2024-05-06 18:01:56.845361 data/geoTwitter21-01-01.zip - i= 9000 id= 1344796254472187911
2024-05-06 18:01:12.532308 data/geoTwitter21-01-03.zip
2024-05-06 18:01:12.541736 data/geoTwitter21-01-03.zip - i= 0 id= 1345520246879346689
2024-05-06 18:01:17.431049 data/geoTwitter21-01-03.zip - i= 1000 id= 1345520358007296002
2024-05-06 18:01:22.455766 data/geoTwitter21-01-03.zip - i= 2000 id= 1345520465599733761
2024-05-06 18:01:27.542212 data/geoTwitter21-01-03.zip - i= 3000 id= 1345520578309054465
2024-05-06 18:01:32.659856 data/geoTwitter21-01-03.zip - i= 4000 id= 1345520688711434240
2024-05-06 18:01:37.438215 data/geoTwitter21-01-03.zip - i= 5000 id= 1345520799013343233
2024-05-06 18:01:42.214138 data/geoTwitter21-01-03.zip - i= 6000 id= 1345520903002730498
2024-05-06 18:01:47.184353 data/geoTwitter21-01-03.zip - i= 7000 id= 1345521009101836290
2024-05-06 18:01:52.024688 data/geoTwitter21-01-03.zip - i= 8000 id= 1345521104564215812
2024-05-06 18:01:56.934742 data/geoTwitter21-01-03.zip - i= 9000 id= 1345521207790235648
2024-05-06 18:01:12.528426 data/geoTwitter21-01-07.zip
2024-05-06 18:01:12.538359 data/geoTwitter21-01-07.zip - i= 0 id= 1346969798157197316
2024-05-06 18:01:17.359126 data/geoTwitter21-01-07.zip - i= 1000 id= 1346969884819787776
2024-05-06 18:01:22.439005 data/geoTwitter21-01-07.zip - i= 2000 id= 1346969972032024576
2024-05-06 18:01:27.497572 data/geoTwitter21-01-07.zip - i= 3000 id= 1346970060900986887
2024-05-06 18:01:32.625804 data/geoTwitter21-01-07.zip - i= 4000 id= 1346970148712849415
2024-05-06 18:01:37.471585 data/geoTwitter21-01-07.zip - i= 5000 id= 1346970235673300992
2024-05-06 18:01:42.276823 data/geoTwitter21-01-07.zip - i= 6000 id= 1346970323246219265
2024-05-06 18:01:47.295338 data/geoTwitter21-01-07.zip - i= 7000 id= 1346970411884453892
2024-05-06 18:01:52.215223 data/geoTwitter21-01-07.zip - i= 8000 id= 1346970500598165508
2024-05-06 18:01:57.091095 data/geoTwitter21-01-07.zip - i= 9000 id= 1346970588720590851
2024-05-06 18:01:12.512742 data/geoTwitter21-01-10.zip
2024-05-06 18:01:12.520633 data/geoTwitter21-01-10.zip - i= 0 id= 1348056961783312384
2024-05-06 18:01:17.407126 data/geoTwitter21-01-10.zip - i= 1000 id= 1348057063004524545
2024-05-06 18:01:22.367782 data/geoTwitter21-01-10.zip - i= 2000 id= 1348057174644293636
2024-05-06 18:01:27.419936 data/geoTwitter21-01-10.zip - i= 3000 id= 1348057285017350145
2024-05-06 18:01:32.432200 data/geoTwitter21-01-10.zip - i= 4000 id= 1348057392710299648
2024-05-06 18:01:37.206590 data/geoTwitter21-01-10.zip - i= 5000 id= 1348057506946441219
2024-05-06 18:01:42.076224 data/geoTwitter21-01-10.zip - i= 6000 id= 1348057618066116614
2024-05-06 18:01:47.191971 data/geoTwitter21-01-10.zip - i= 7000 id= 1348057727348699137
2024-05-06 18:01:52.065011 data/geoTwitter21-01-10.zip - i= 8000 id= 1348057835763068936
2024-05-06 18:01:57.018913 data/geoTwitter21-01-10.zip - i= 9000 id= 1348057943732858880
2024-05-06 18:01:12.512755 data/geoTwitter21-01-04.zip
2024-05-06 18:01:12.522319 data/geoTwitter21-01-04.zip - i= 0 id= 1345882634702864384
2024-05-06 18:01:17.452203 data/geoTwitter21-01-04.zip - i= 1000 id= 1345882733856260096
2024-05-06 18:01:22.531873 data/geoTwitter21-01-04.zip - i= 2000 id= 1345882835887005697
2024-05-06 18:01:27.515537 data/geoTwitter21-01-04.zip - i= 3000 id= 1345882930544050185
2024-05-06 18:01:32.508962 data/geoTwitter21-01-04.zip - i= 4000 id= 1345883033593896961
2024-05-06 18:01:37.350924 data/geoTwitter21-01-04.zip - i= 5000 id= 1345883134777307136
2024-05-06 18:01:42.206393 data/geoTwitter21-01-04.zip - i= 6000 id= 1345883235813789696
2024-05-06 18:01:47.293449 data/geoTwitter21-01-04.zip - i= 7000 id= 1345883341543804928
2024-05-06 18:01:52.223297 data/geoTwitter21-01-04.zip - i= 8000 id= 1345883444585385990
2024-05-06 18:01:57.084751 data/geoTwitter21-01-04.zip - i= 9000 id= 1345883542828556288
2024-05-06 18:01:12.513739 data/geoTwitter21-01-08.zip
2024-05-06 18:01:12.522183 data/geoTwitter21-01-08.zip - i= 0 id= 1347332185930543104
2024-05-06 18:01:17.517101 data/geoTwitter21-01-08.zip - i= 1000 id= 1347332282340798464
2024-05-06 18:01:22.789446 data/geoTwitter21-01-08.zip - i= 2000 id= 1347332389136191489
2024-05-06 18:01:27.898759 data/geoTwitter21-01-08.zip - i= 3000 id= 1347332491074437120
2024-05-06 18:01:33.057801 data/geoTwitter21-01-08.zip - i= 4000 id= 1347332600864657408
2024-05-06 18:01:37.868886 data/geoTwitter21-01-08.zip - i= 5000 id= 1347332706267496450
2024-05-06 18:01:42.756789 data/geoTwitter21-01-08.zip - i= 6000 id= 1347332810445623298
2024-05-06 18:01:47.832023 data/geoTwitter21-01-08.zip - i= 7000 id= 1347332913856196609
2024-05-06 18:01:52.708959 data/geoTwitter21-01-08.zip - i= 8000 id= 1347333021385551872
2024-05-06 18:01:57.530906 data/geoTwitter21-01-08.zip - i= 9000 id= 1347333130055806976
2024-05-06 18:01:12.517950 data/geoTwitter21-01-02.zip
2024-05-06 18:01:12.528098 data/geoTwitter21-01-02.zip - i= 0 id= 1345157858732732416
2024-05-06 18:01:17.526993 data/geoTwitter21-01-02.zip - i= 1000 id= 1345157965662322699
2024-05-06 18:01:22.652827 data/geoTwitter21-01-02.zip - i= 2000 id= 1345158082922483720
2024-05-06 18:01:27.663410 data/geoTwitter21-01-02.zip - i= 3000 id= 1345158200153280518
2024-05-06 18:01:32.825661 data/geoTwitter21-01-02.zip - i= 4000 id= 1345158320651444225
2024-05-06 18:01:37.689213 data/geoTwitter21-01-02.zip - i= 5000 id= 1345158438754672641
2024-05-06 18:01:42.531364 data/geoTwitter21-01-02.zip - i= 6000 id= 1345158549882556416
2024-05-06 18:01:47.643857 data/geoTwitter21-01-02.zip - i= 7000 id= 1345158670234112007
2024-05-06 18:01:52.545209 data/geoTwitter21-01-02.zip - i= 8000 id= 1345158786491719680
2024-05-06 18:01:57.530415 data/geoTwitter21-01-02.zip - i= 9000 id= 1345158904876032018
2024-05-06 18:01:12.509778 data/geoTwitter21-01-09.zip
2024-05-06 18:01:12.519776 data/geoTwitter21-01-09.zip - i= 0 id= 1347694574018453504
2024-05-06 18:01:17.545049 data/geoTwitter21-01-09.zip - i= 1000 id= 1347694663432605696
2024-05-06 18:01:22.663886 data/geoTwitter21-01-09.zip - i= 2000 id= 1347694753442312193
2024-05-06 18:01:27.801769 data/geoTwitter21-01-09.zip - i= 3000 id= 1347694846962769926
2024-05-06 18:01:32.969780 data/geoTwitter21-01-09.zip - i= 4000 id= 1347694940822896640
2024-05-06 18:01:37.823615 data/geoTwitter21-01-09.zip - i= 5000 id= 1347695034255237120
2024-05-06 18:01:42.806796 data/geoTwitter21-01-09.zip - i= 6000 id= 1347695129918722049
2024-05-06 18:01:47.879143 data/geoTwitter21-01-09.zip - i= 7000 id= 1347695222709387268
2024-05-06 18:01:52.849220 data/geoTwitter21-01-09.zip - i= 8000 id= 1347695321917349889
2024-05-06 18:01:57.768919 data/geoTwitter21-01-09.zip - i= 9000 id= 1347695415504891904
2024-05-06 18:01:12.515423 data/geoTwitter21-01-05.zip
2024-05-06 18:01:12.524380 data/geoTwitter21-01-05.zip - i= 0 id= 1346245022325346304
2024-05-06 18:01:17.449189 data/geoTwitter21-01-05.zip - i= 1000 id= 1346245130425159681
2024-05-06 18:01:22.643092 data/geoTwitter21-01-05.zip - i= 2000 id= 1346245244313067521
2024-05-06 18:01:27.648256 data/geoTwitter21-01-05.zip - i= 3000 id= 1346245359744524289
2024-05-06 18:01:32.843321 data/geoTwitter21-01-05.zip - i= 4000 id= 1346245471497375744
2024-05-06 18:01:37.785866 data/geoTwitter21-01-05.zip - i= 5000 id= 1346245580096499715
2024-05-06 18:01:42.822740 data/geoTwitter21-01-05.zip - i= 6000 id= 1346245693745360900
2024-05-06 18:01:48.052422 data/geoTwitter21-01-05.zip - i= 7000 id= 1346245805280260097
2024-05-06 18:01:53.133880 data/geoTwitter21-01-05.zip - i= 8000 id= 1346245913468170241
2024-05-06 18:01:58.165766 data/geoTwitter21-01-05.zip - i= 9000 id= 1346246025791504386
2024-05-06 18:01:12.591730 data/geoTwitter21-01-06.zip
2024-05-06 18:01:12.601244 data/geoTwitter21-01-06.zip - i= 0 id= 1346607410463571971
2024-05-06 18:01:17.611303 data/geoTwitter21-01-06.zip - i= 1000 id= 1346607509872599040
2024-05-06 18:01:22.731583 data/geoTwitter21-01-06.zip - i= 2000 id= 1346607618035384320
2024-05-06 18:01:27.841158 data/geoTwitter21-01-06.zip - i= 3000 id= 1346607723874549763
2024-05-06 18:01:33.074263 data/geoTwitter21-01-06.zip - i= 4000 id= 1346607828253908994
2024-05-06 18:01:38.057432 data/geoTwitter21-01-06.zip - i= 5000 id= 1346607937658081281
2024-05-06 18:01:43.092613 data/geoTwitter21-01-06.zip - i= 6000 id= 1346608044478750720
2024-05-06 18:01:48.258583 data/geoTwitter21-01-06.zip - i= 7000 id= 1346608156202381312
2024-05-06 18:01:53.212586 data/geoTwitter21-01-06.zip - i= 8000 id= 1346608267175342080
2024-05-06 18:01:58.136359 data/geoTwitter21-01-06.zip - i= 9000 id= 1346608375434510337
198.53user 21.14system 0:51.21elapsed 428%CPU (0avgtext+0avgdata 37784maxresident)k
10784inputs+4272outputs (7major+279652minor)pagefaults 0swaps
